ARM Linker, 4.1 [Build 894] [Standard][RL-ARM]

==============================================================================

Section Cross References

    board_lowlevel.o(.text) refers to board_memories.o(.text) for BOARD_RemapRam
    board_cstartup_keil.o(VECTOR) refers to board_cstartup_keil.o(cstartup) for resetHandler
    board_cstartup_keil.o(cstartup) refers to board_lowlevel.o(.text) for LowLevelInit
    board_cstartup_keil.o(cstartup) refers to __main.o(!!!main) for __main
    main.o(.text) refers to pio.o(.text) for PIO_Configure
    main.o(.text) refers to main.o(.constdata) for pinLED
    __main.o(!!!main) refers to rtentry.o(.ARM.Collect$$rtentry$$00000000) for __rt_entry
    rtentry.o(.ARM.Collect$$rtentry$$00000000) refers (Special) to rtentry2.o(.ARM.Collect$$rtentry$$0000000A) for __rt_entry_li
    rtentry.o(.ARM.Collect$$rtentry$$00000000) refers (Special) to rtentry2.o(.ARM.Collect$$rtentry$$0000000D) for __rt_entry_main
    rtentry.o(.ARM.Collect$$rtentry$$00000000) refers (Special) to rtentry2.o(.ARM.Collect$$rtentry$$0000000C) for __rt_entry_postli_1
    rtentry.o(.ARM.Collect$$rtentry$$00000000) refers (Special) to rtentry2.o(.ARM.Collect$$rtentry$$00000009) for __rt_entry_postsh_1
    rtentry.o(.ARM.Collect$$rtentry$$00000000) refers (Special) to rtentry2.o(.ARM.Collect$$rtentry$$00000002) for __rt_entry_presh_1
    rtentry.o(.ARM.Collect$$rtentry$$00000000) refers (Special) to rtentry7.o(.ARM.Collect$$rtentry$$00000007) for __rt_entry_sh
    rtentry2.o(.ARM.Collect$$rtentry$$00000008) refers to boardinit2.o(.text) for _platform_post_stackheap_init
    rtentry2.o(.ARM.Collect$$rtentry$$0000000A) refers to libinit.o(.ARM.Collect$$libinit$$00000000) for __rt_lib_init
    rtentry2.o(.ARM.Collect$$rtentry$$0000000B) refers to boardinit3.o(.text) for _platform_post_lib_init
    rtentry2.o(.ARM.Collect$$rtentry$$0000000D) refers to exit.o(.text) for exit
    rtentry2.o(.ARM.Collect$$rtentry$$0000000D) refers to main.o(.text) for main
    rtentry2.o(.ARM.exidx) refers to rtentry2.o(.ARM.Collect$$rtentry$$00000001) for .ARM.Collect$$rtentry$$00000001
    rtentry2.o(.ARM.exidx) refers to rtentry2.o(.ARM.Collect$$rtentry$$00000008) for .ARM.Collect$$rtentry$$00000008
    rtentry2.o(.ARM.exidx) refers to rtentry2.o(.ARM.Collect$$rtentry$$0000000A) for .ARM.Collect$$rtentry$$0000000A
    rtentry2.o(.ARM.exidx) refers to rtentry2.o(.ARM.Collect$$rtentry$$0000000B) for .ARM.Collect$$rtentry$$0000000B
    rtentry2.o(.ARM.exidx) refers to rtentry2.o(.ARM.Collect$$rtentry$$0000000D) for .ARM.Collect$$rtentry$$0000000D
    rtentry4.o(.ARM.Collect$$rtentry$$00000004) refers to sys_stackheap_outer.o(.text) for __user_setup_stackheap
    rtentry4.o(.ARM.exidx) refers to rtentry4.o(.ARM.Collect$$rtentry$$00000004) for .ARM.Collect$$rtentry$$00000004
    rtentry7.o(.ARM.Collect$$rtentry$$00000007) refers to rtentry7.o(.ARM.Collect$$rtentry$$00002718) for __lit__00000000
    rtentry7.o(.ARM.exidx) refers to rtentry7.o(.ARM.Collect$$rtentry$$00000007) for .ARM.Collect$$rtentry$$00000007
    rtentry7.o(.ARM.exidx) refers to rtentry7.o(.ARM.Collect$$rtentry$$00002718) for .ARM.Collect$$rtentry$$00002718
    sys_stackheap_outer.o(.text) refers to libspace.o(.text) for __user_perproc_libspace
    sys_stackheap_outer.o(.text) refers to sys_stackheap.o(.text) for __user_initial_stackheap
    exit.o(.text) refers to rtexit.o(.ARM.Collect$$rtexit$$00000000) for __rt_exit
    libinit.o(.ARM.Collect$$libinit$$00000000) refers (Special) to libinit2.o(.ARM.Collect$$libinit$$0000002A) for __rt_lib_init_alloca_1
    libinit.o(.ARM.Collect$$libinit$$00000000) refers (Special) to libinit2.o(.ARM.Collect$$libinit$$00000028) for __rt_lib_init_argv_1
    libinit.o(.ARM.Collect$$libinit$$00000000) refers (Special) to libinit2.o(.ARM.Collect$$libinit$$00000017) for __rt_lib_init_atexit_1
    libinit.o(.ARM.Collect$$libinit$$00000000) refers (Special) to libinit2.o(.ARM.Collect$$libinit$$0000001D) for __rt_lib_init_clock_1
    libinit.o(.ARM.Collect$$libinit$$00000000) refers (Special) to libinit2.o(.ARM.Collect$$libinit$$0000002E) for __rt_lib_init_cpp_1
    libinit.o(.ARM.Collect$$libinit$$00000000) refers (Special) to libinit2.o(.ARM.Collect$$libinit$$0000002C) for __rt_lib_init_exceptions_1
    libinit.o(.ARM.Collect$$libinit$$00000000) refers (Special) to libinit2.o(.ARM.Collect$$libinit$$0000001B) for __rt_lib_init_fp_trap_1
    libinit.o(.ARM.Collect$$libinit$$00000000) refers (Special) to libinit2.o(.ARM.Collect$$libinit$$0000001F) for __rt_lib_init_getenv_1
    libinit.o(.ARM.Collect$$libinit$$00000000) refers (Special) to libinit2.o(.ARM.Collect$$libinit$$00000006) for __rt_lib_init_heap_1
    libinit.o(.ARM.Collect$$libinit$$00000000) refers (Special) to libinit2.o(.ARM.Collect$$libinit$$0000000D) for __rt_lib_init_lc_collate_1
    libinit.o(.ARM.Collect$$libinit$$00000000) refers (Special) to libinit2.o(.ARM.Collect$$libinit$$0000000F) for __rt_lib_init_lc_ctype_1
    libinit.o(.ARM.Collect$$libinit$$00000000) refers (Special) to libinit2.o(.ARM.Collect$$libinit$$00000011) for __rt_lib_init_lc_monetary_1
    libinit.o(.ARM.Collect$$libinit$$00000000) refers (Special) to libinit2.o(.ARM.Collect$$libinit$$00000013) for __rt_lib_init_lc_numeric_1
    libinit.o(.ARM.Collect$$libinit$$00000000) refers (Special) to libinit2.o(.ARM.Collect$$libinit$$00000015) for __rt_lib_init_lc_time_1
    libinit.o(.ARM.Collect$$libinit$$00000000) refers (Special) to libinit2.o(.ARM.Collect$$libinit$$0000000A) for __rt_lib_init_rand_1
    libinit.o(.ARM.Collect$$libinit$$00000000) refers (Special) to libinit2.o(.ARM.Collect$$libinit$$0000002F) for __rt_lib_init_return
    libinit.o(.ARM.Collect$$libinit$$00000000) refers (Special) to libinit2.o(.ARM.Collect$$libinit$$00000019) for __rt_lib_init_signal_1
    libinit.o(.ARM.Collect$$libinit$$00000000) refers (Special) to libinit2.o(.ARM.Collect$$libinit$$00000021) for __rt_lib_init_stdio_1
    libinit.o(.ARM.Collect$$libinit$$00000000) refers (Special) to libinit2.o(.ARM.Collect$$libinit$$00000008) for __rt_lib_init_user_alloc_1
    libinit.o(.ARM.Collect$$libinit$$00000000) refers to fpinit.o(x$fpl$fpinit) for _fp_init
    libspace.o(.text) refers to libspace.o(.bss) for __libspace_start
    sys_stackheap.o(.text) refers (Special) to indicate_semi.o(.text) for __semihosting_library_function
    sys_stackheap.o(.text) refers to use_no_semi.o(.text) for __I$use$semihosting
    rtexit.o(.ARM.Collect$$rtexit$$00000000) refers (Special) to rtexit2.o(.ARM.Collect$$rtexit$$00000004) for __rt_exit_exit
    rtexit.o(.ARM.Collect$$rtexit$$00000000) refers (Special) to rtexit2.o(.ARM.Collect$$rtexit$$00000003) for __rt_exit_ls
    rtexit.o(.ARM.Collect$$rtexit$$00000000) refers (Special) to rtexit2.o(.ARM.Collect$$rtexit$$00000002) for __rt_exit_prels_1
    rtexit.o(.ARM.exidx) refers (Special) to rtexit2.o(.ARM.Collect$$rtexit$$00000004) for __rt_exit_exit
    rtexit.o(.ARM.exidx) refers (Special) to rtexit2.o(.ARM.Collect$$rtexit$$00000003) for __rt_exit_ls
    rtexit.o(.ARM.exidx) refers (Special) to rtexit2.o(.ARM.Collect$$rtexit$$00000002) for __rt_exit_prels_1
    rtexit.o(.ARM.exidx) refers to rtexit.o(.ARM.Collect$$rtexit$$00000000) for .ARM.Collect$$rtexit$$00000000
    libinit2.o(.ARM.Collect$$libinit$$0000000C) refers to libinit2.o(.ARM.Collect$$libinit$$0000000B) for .ARM.Collect$$libinit$$0000000B
    libinit2.o(.ARM.Collect$$libinit$$0000000E) refers to libinit2.o(.ARM.Collect$$libinit$$0000000B) for .ARM.Collect$$libinit$$0000000B
    libinit2.o(.ARM.Collect$$libinit$$00000010) refers to libinit2.o(.ARM.Collect$$libinit$$0000000B) for .ARM.Collect$$libinit$$0000000B
    libinit2.o(.ARM.Collect$$libinit$$00000012) refers to libinit2.o(.ARM.Collect$$libinit$$0000000B) for .ARM.Collect$$libinit$$0000000B
    libinit2.o(.ARM.Collect$$libinit$$00000014) refers to libinit2.o(.ARM.Collect$$libinit$$0000000B) for .ARM.Collect$$libinit$$0000000B
    libinit2.o(.ARM.Collect$$libinit$$00000022) refers to argv_veneer.o(.emb_text) for __ARM_argv_veneer
    libinit2.o(.ARM.Collect$$libinit$$00000023) refers to argv_veneer.o(.emb_text) for __ARM_argv_veneer
    libinit5.o(.ARM.Collect$$libinit$$00000004) refers to libinit5.o(.ARM.Collect$$libinit$$00002715) for __lit__00000000
    libinit5.o(.ARM.Collect$$libinit$$00000026) refers to libinit5.o(.ARM.Collect$$libinit$$00002737) for __lit__00000002
    libinit5.o(.ARM.Collect$$libinit$$00000026) refers to argv_veneer.o(.emb_text) for __ARM_argv_veneer
    fpinit.o(x$fpl$fpinit) refers to rt_fp_status_addr_intlibspace.o(.text) for __rt_fp_status_addr
    rtexit2.o(.ARM.Collect$$rtexit$$00000003) refers to libshutdown.o(.ARM.Collect$$libshutdown$$00000000) for __rt_lib_shutdown
    rtexit2.o(.ARM.Collect$$rtexit$$00000004) refers to sys_exit.o(.text) for _sys_exit
    rtexit2.o(.ARM.exidx) refers to rtexit2.o(.ARM.Collect$$rtexit$$00000001) for .ARM.Collect$$rtexit$$00000001
    rtexit2.o(.ARM.exidx) refers to rtexit2.o(.ARM.Collect$$rtexit$$00000003) for .ARM.Collect$$rtexit$$00000003
    rtexit2.o(.ARM.exidx) refers to rtexit2.o(.ARM.Collect$$rtexit$$00000004) for .ARM.Collect$$rtexit$$00000004
    rt_fp_status_addr.o(.text) refers to rt_fp_status_addr.o(.bss) for __rt_fp_status_addr_data
    rt_fp_status_addr_intlibspace.o(.text) refers to libspace.o(.bss) for __libspace_start
    argv_veneer.o(.emb_text) refers to no_argv.o(.text) for __ARM_get_argv
    sys_exit.o(.text) refers (Special) to use_no_semi.o(.text) for __I$use$semihosting
    sys_exit.o(.text) refers (Special) to indicate_semi.o(.text) for __semihosting_library_function
    _get_argv_nomalloc.o(.text) refers (Special) to hrguard.o(.text) for __heap_region$guard
    _get_argv_nomalloc.o(.text) refers to defsig_rtmem_outer.o(.text) for __rt_SIGRTMEM
    _get_argv_nomalloc.o(.text) refers to sys_command.o(.text) for _sys_command_string
    libshutdown.o(.ARM.Collect$$libshutdown$$00000000) refers (Special) to libshutdown2.o(.ARM.Collect$$libshutdown$$00000006) for __rt_lib_shutdown_fp_trap_1
    libshutdown.o(.ARM.Collect$$libshutdown$$00000000) refers (Special) to libshutdown2.o(.ARM.Collect$$libshutdown$$0000000E) for __rt_lib_shutdown_heap_1
    libshutdown.o(.ARM.Collect$$libshutdown$$00000000) refers (Special) to libshutdown2.o(.ARM.Collect$$libshutdown$$0000000F) for __rt_lib_shutdown_return
    libshutdown.o(.ARM.Collect$$libshutdown$$00000000) refers (Special) to libshutdown2.o(.ARM.Collect$$libshutdown$$00000009) for __rt_lib_shutdown_signal_1
    libshutdown.o(.ARM.Collect$$libshutdown$$00000000) refers (Special) to libshutdown2.o(.ARM.Collect$$libshutdown$$00000003) for __rt_lib_shutdown_stdio_1
    libshutdown.o(.ARM.Collect$$libshutdown$$00000000) refers (Special) to libshutdown2.o(.ARM.Collect$$libshutdown$$0000000B) for __rt_lib_shutdown_user_alloc_1
    sys_command.o(.text) refers (Special) to use_no_semi.o(.text) for __I$use$semihosting
    sys_command.o(.text) refers (Special) to indicate_semi.o(.text) for __semihosting_library_function
    defsig_rtmem_outer.o(.text) refers to defsig_rtmem_inner.o(.text) for __rt_SIGRTMEM_inner
    defsig_rtmem_outer.o(.text) refers to defsig_exit.o(.text) for __sig_exit
    defsig_rtmem_formal.o(.text) refers to rt_raise.o(.text) for __rt_raise
    rt_raise.o(.text) refers to __raise.o(.text) for __raise
    rt_raise.o(.text) refers to sys_exit.o(.text) for _sys_exit
    defsig_exit.o(.text) refers to sys_exit.o(.text) for _sys_exit
    defsig_rtmem_inner.o(.text) refers to defsig_general.o(.text) for __default_signal_display
    __raise.o(.text) refers to __raise.o(i.__ARM_common_call_via_r2) for __ARM_common_call_via_r2
    __raise.o(.text) refers to defsig.o(CL$$defsig) for __default_signal_handler
    defsig_general.o(.text) refers to sys_wrch.o(.text) for _ttywrch
    sys_wrch.o(.text) refers (Special) to use_no_semi.o(.text) for __I$use$semihosting
    sys_wrch.o(.text) refers (Special) to indicate_semi.o(.text) for __semihosting_library_function
    defsig.o(CL$$defsig) refers to defsig_rtmem_inner.o(.text) for __rt_SIGRTMEM_inner
    defsig_abrt_inner.o(.text) refers to defsig_general.o(.text) for __default_signal_display
    defsig_fpe_inner.o(.text) refers to defsig_general.o(.text) for __default_signal_display
    defsig_rtred_inner.o(.text) refers to defsig_general.o(.text) for __default_signal_display
    defsig_stak_inner.o(.text) refers to defsig_general.o(.text) for __default_signal_display
    defsig_pvfn_inner.o(.text) refers to defsig_general.o(.text) for __default_signal_display
    defsig_cppl_inner.o(.text) refers to defsig_general.o(.text) for __default_signal_display
    defsig_segv_inner.o(.text) refers to defsig_general.o(.text) for __default_signal_display
    defsig_other.o(.text) refers to defsig_general.o(.text) for __default_signal_display


==============================================================================

Removing Unused input sections from the image.

    Removing pmc.o(.text), (284 bytes).
    Removing cp15_asm_keil.o(cp15), (64 bytes).
    Removing main.o(.data), (2 bytes).

3 unused section(s) (total 350 bytes) removed from the image.

==============================================================================

Adding Veneers to the image

    Adding AT veneer (8 bytes, Inline) for call to '__rt_lib_init' from rtentry2.o(.ARM.Collect$$rtentry$$0000000A).
    Adding AT veneer (8 bytes, Inline) for call to '__rt_lib_shutdown' from rtexit2.o(.ARM.Collect$$rtexit$$00000003).
    Adding TA veneer (4 bytes, Inline) for call to '__rt_exit' from exit.o(.text).
    Adding AT veneer (8 bytes, Inline) for call to '_sys_exit' from rtexit2.o(.ARM.Collect$$rtexit$$00000004).
    Adding TA veneer (4 bytes, Inline) for call to '_fp_init' from libinit.o(.ARM.Collect$$libinit$$00000000).

5 Veneer(s) (total 32 bytes) added to the image.

==============================================================================

Image Symbol Table

    Local Symbols

    Symbol Name                              Value     Ov Type        Size  Object(Section)

    ../../../at91lib/boards/at91sam7x-ek/board_cstartup_keil.s 0x00000000   Number         0  board_cstartup_keil.o ABSOLUTE
    ../../../at91lib/boards/at91sam7x-ek/board_lowlevel.c 0x00000000   Number         0  board_lowlevel.o ABSOLUTE
    ../../../at91lib/boards/at91sam7x-ek/board_memories.c 0x00000000   Number         0  board_memories.o ABSOLUTE
    ../../../at91lib/peripherals/cp15/cp15.c 0x00000000   Number         0  cp15.o ABSOLUTE
    ../../../at91lib/peripherals/cp15/cp15_asm_keil.s 0x00000000   Number         0  cp15_asm_keil.o ABSOLUTE
    ../../../at91lib/peripherals/pio/pio.c   0x00000000   Number         0  pio.o ABSOLUTE
    ../../../at91lib/peripherals/pmc/pmc.c   0x00000000   Number         0  pmc.o ABSOLUTE
    ../../angel/boardlib.s                   0x00000000   Number         0  boardshut.o ABSOLUTE
    ../../angel/boardlib.s                   0x00000000   Number         0  boardinit1.o ABSOLUTE
    ../../angel/boardlib.s                   0x00000000   Number         0  boardinit2.o ABSOLUTE
    ../../angel/boardlib.s                   0x00000000   Number         0  boardinit3.o ABSOLUTE
    ../../angel/handlers.s                   0x00000000   Number         0  __scatter_zi.o ABSOLUTE
    ../../angel/handlers.s                   0x00000000   Number         0  __scatter_copy.o ABSOLUTE
    ../../angel/kernel.s                     0x00000000   Number         0  rtexit.o ABSOLUTE
    ../../angel/kernel.s                     0x00000000   Number         0  rtentry.o ABSOLUTE
    ../../angel/kernel.s                     0x00000000   Number         0  rtentry2.o ABSOLUTE
    ../../angel/kernel.s                     0x00000000   Number         0  rtentry4.o ABSOLUTE
    ../../angel/kernel.s                     0x00000000   Number         0  rtentry7.o ABSOLUTE
    ../../angel/kernel.s                     0x00000000   Number         0  rtexit2.o ABSOLUTE
    ../../angel/rt.s                         0x00000000   Number         0  rt_raise.o ABSOLUTE
    ../../angel/rt.s                         0x00000000   Number         0  rt_fp_status_addr_intlibspace.o ABSOLUTE
    ../../angel/rt.s                         0x00000000   Number         0  rt_fp_status_addr.o ABSOLUTE
    ../../angel/scatter.s                    0x00000000   Number         0  __scatter.o ABSOLUTE
    ../../angel/startup.s                    0x00000000   Number         0  __main.o ABSOLUTE
    ../../angel/sys.s                        0x00000000   Number         0  sys_stackheap_outer.o ABSOLUTE
    ../../angel/sys.s                        0x00000000   Number         0  sys_stackheap.o ABSOLUTE
    ../../angel/sys.s                        0x00000000   Number         0  libspace.o ABSOLUTE
    ../../angel/sys.s                        0x00000000   Number         0  indicate_semi.o ABSOLUTE
    ../../angel/sys.s                        0x00000000   Number         0  use_no_semi.o ABSOLUTE
    ../../angel/sysapp.c                     0x00000000   Number         0  sys_wrch.o ABSOLUTE
    ../../angel/sysapp.c                     0x00000000   Number         0  sys_command.o ABSOLUTE
    ../../angel/sysapp.c                     0x00000000   Number         0  sys_exit.o ABSOLUTE
    ../../armsys.c                           0x00000000   Number         0  _get_argv_nomalloc.o ABSOLUTE
    ../../armsys.c                           0x00000000   Number         0  argv_veneer.o ABSOLUTE
    ../../armsys.c                           0x00000000   Number         0  argv_veneer.o ABSOLUTE
    ../../armsys.c                           0x00000000   Number         0  no_argv.o ABSOLUTE
    ../../fpinit.s                           0x00000000   Number         0  fpinit.o ABSOLUTE
    ../../heapalloc.c                        0x00000000   Number         0  hrguard.o ABSOLUTE
    ../../libinit.s                          0x00000000   Number         0  libinit5.o ABSOLUTE
    ../../libinit.s                          0x00000000   Number         0  libshutdown2.o ABSOLUTE
    ../../libinit.s                          0x00000000   Number         0  libinit.o ABSOLUTE
    ../../libinit.s                          0x00000000   Number         0  libshutdown.o ABSOLUTE
    ../../libinit.s                          0x00000000   Number         0  libinit2.o ABSOLUTE
    ../../signal.c                           0x00000000   Number         0  defsig_cppl_inner.o ABSOLUTE
    ../../signal.c                           0x00000000   Number         0  defsig_rtmem_formal.o ABSOLUTE
    ../../signal.c                           0x00000000   Number         0  defsig_stak_inner.o ABSOLUTE
    ../../signal.c                           0x00000000   Number         0  defsig_exit.o ABSOLUTE
    ../../signal.c                           0x00000000   Number         0  defsig_rtmem_inner.o ABSOLUTE
    ../../signal.c                           0x00000000   Number         0  __raise.o ABSOLUTE
    ../../signal.c                           0x00000000   Number         0  defsig_general.o ABSOLUTE
    ../../signal.c                           0x00000000   Number         0  defsig_abrt_inner.o ABSOLUTE
    ../../signal.c                           0x00000000   Number         0  defsig_fpe_inner.o ABSOLUTE
    ../../signal.c                           0x00000000   Number         0  defsig_rtred_inner.o ABSOLUTE
    ../../signal.c                           0x00000000   Number         0  defsig_pvfn_inner.o ABSOLUTE
    ../../signal.c                           0x00000000   Number         0  defsig_other.o ABSOLUTE
    ../../signal.c                           0x00000000   Number         0  defsig_segv_inner.o ABSOLUTE
    ../../signal.c                           0x00000000   Number         0  defsig_rtmem_outer.o ABSOLUTE
    ../../signal.s                           0x00000000   Number         0  defsig.o ABSOLUTE
    ../../stdlib.c                           0x00000000   Number         0  exit.o ABSOLUTE
    ..\main.c                                0x00000000   Number         0  main.o ABSOLUTE
    dc.s                                     0x00000000   Number         0  dc.o ABSOLUTE
    cstartup                                 0x00100000   Section      148  board_cstartup_keil.o(cstartup)
    label                                    0x00100004   ARM Code       0  board_cstartup_keil.o(cstartup)
    !!!main                                  0x00100094   Section        8  __main.o(!!!main)
    !!!scatter                               0x0010009c   Section       60  __scatter.o(!!!scatter)
    !!handler_copy                           0x001000d8   Section       40  __scatter_copy.o(!!handler_copy)
    !!handler_zi                             0x00100100   Section       44  __scatter_zi.o(!!handler_zi)
    .ARM.Collect$$libinit$$00000000          0x00100134   Section        6  libinit.o(.ARM.Collect$$libinit$$00000000)
    .ARM.Collect$$libinit$$00000006          0x0010013a   Section        0  libinit2.o(.ARM.Collect$$libinit$$00000006)
    .ARM.Collect$$libinit$$00000008          0x0010013a   Section        0  libinit2.o(.ARM.Collect$$libinit$$00000008)
    .ARM.Collect$$libinit$$0000000A          0x0010013a   Section        0  libinit2.o(.ARM.Collect$$libinit$$0000000A)
    .ARM.Collect$$libinit$$0000000D          0x0010013a   Section        0  libinit2.o(.ARM.Collect$$libinit$$0000000D)
    .ARM.Collect$$libinit$$0000000F          0x0010013a   Section        0  libinit2.o(.ARM.Collect$$libinit$$0000000F)
    .ARM.Collect$$libinit$$00000011          0x0010013a   Section        0  libinit2.o(.ARM.Collect$$libinit$$00000011)
    .ARM.Collect$$libinit$$00000013          0x0010013a   Section        0  libinit2.o(.ARM.Collect$$libinit$$00000013)
    .ARM.Collect$$libinit$$00000015          0x0010013a   Section        0  libinit2.o(.ARM.Collect$$libinit$$00000015)
    .ARM.Collect$$libinit$$00000017          0x0010013a   Section        0  libinit2.o(.ARM.Collect$$libinit$$00000017)
    .ARM.Collect$$libinit$$00000019          0x0010013a   Section        0  libinit2.o(.ARM.Collect$$libinit$$00000019)
    .ARM.Collect$$libinit$$0000001B          0x0010013a   Section        0  libinit2.o(.ARM.Collect$$libinit$$0000001B)
    .ARM.Collect$$libinit$$0000001D          0x0010013a   Section        0  libinit2.o(.ARM.Collect$$libinit$$0000001D)
    .ARM.Collect$$libinit$$0000001F          0x0010013a   Section        0  libinit2.o(.ARM.Collect$$libinit$$0000001F)
    .ARM.Collect$$libinit$$00000021          0x0010013a   Section        0  libinit2.o(.ARM.Collect$$libinit$$00000021)
    .ARM.Collect$$libinit$$00000028          0x0010013a   Section        0  libinit2.o(.ARM.Collect$$libinit$$00000028)
    .ARM.Collect$$libinit$$0000002A          0x0010013a   Section        0  libinit2.o(.ARM.Collect$$libinit$$0000002A)
    .ARM.Collect$$libinit$$0000002C          0x0010013a   Section        0  libinit2.o(.ARM.Collect$$libinit$$0000002C)
    .ARM.Collect$$libinit$$0000002E          0x0010013a   Section        0  libinit2.o(.ARM.Collect$$libinit$$0000002E)
    .ARM.Collect$$libinit$$0000002F          0x0010013a   Section       12  libinit2.o(.ARM.Collect$$libinit$$0000002F)
    .ARM.Collect$$libshutdown$$00000000      0x00100150   Section        4  libshutdown.o(.ARM.Collect$$libshutdown$$00000000)
    .ARM.Collect$$libshutdown$$00000003      0x00100154   Section        0  libshutdown2.o(.ARM.Collect$$libshutdown$$00000003)
    .ARM.Collect$$libshutdown$$00000006      0x00100154   Section        0  libshutdown2.o(.ARM.Collect$$libshutdown$$00000006)
    .ARM.Collect$$libshutdown$$00000009      0x00100154   Section        0  libshutdown2.o(.ARM.Collect$$libshutdown$$00000009)
    .ARM.Collect$$libshutdown$$0000000B      0x00100154   Section        0  libshutdown2.o(.ARM.Collect$$libshutdown$$0000000B)
    .ARM.Collect$$libshutdown$$0000000E      0x00100154   Section        0  libshutdown2.o(.ARM.Collect$$libshutdown$$0000000E)
    .ARM.Collect$$libshutdown$$0000000F      0x00100154   Section        6  libshutdown2.o(.ARM.Collect$$libshutdown$$0000000F)
    .ARM.Collect$$rtentry$$00000000          0x0010015c   Section        0  rtentry.o(.ARM.Collect$$rtentry$$00000000)
    .ARM.Collect$$rtentry$$00000002          0x0010015c   Section        0  rtentry2.o(.ARM.Collect$$rtentry$$00000002)
    .ARM.Collect$$rtentry$$00000007          0x0010015c   Section        4  rtentry7.o(.ARM.Collect$$rtentry$$00000007)
    .ARM.Collect$$rtentry$$00000009          0x00100160   Section        0  rtentry2.o(.ARM.Collect$$rtentry$$00000009)
    .ARM.Collect$$rtentry$$0000000A          0x00100160   Section        4  rtentry2.o(.ARM.Collect$$rtentry$$0000000A)
    .ARM.Collect$$rtentry$$0000000C          0x00100164   Section        0  rtentry2.o(.ARM.Collect$$rtentry$$0000000C)
    .ARM.Collect$$rtentry$$0000000D          0x00100164   Section       40  rtentry2.o(.ARM.Collect$$rtentry$$0000000D)
    .ARM.Collect$$rtentry$$00002718          0x0010018c   Section        4  rtentry7.o(.ARM.Collect$$rtentry$$00002718)
    __lit__00000000                          0x0010018c   Data           4  rtentry7.o(.ARM.Collect$$rtentry$$00002718)
    .ARM.Collect$$rtexit$$00000000           0x00100194   Section        4  rtexit.o(.ARM.Collect$$rtexit$$00000000)
    .ARM.Collect$$rtexit$$00000002           0x00100198   Section        0  rtexit2.o(.ARM.Collect$$rtexit$$00000002)
    .ARM.Collect$$rtexit$$00000003           0x00100198   Section        4  rtexit2.o(.ARM.Collect$$rtexit$$00000003)
    .ARM.Collect$$rtexit$$00000004           0x0010019c   Section        8  rtexit2.o(.ARM.Collect$$rtexit$$00000004)
    .text                                    0x001001a4   Section        0  pio.o(.text)
    PIO_SetPeripheralA                       0x001001a4   ARM Code      36  pio.o(.text)
    PIO_SetPeripheralB                       0x001001c8   ARM Code      36  pio.o(.text)
    PIO_SetInput                             0x001001ec   ARM Code      56  pio.o(.text)
    PIO_SetOutput                            0x00100224   ARM Code      80  pio.o(.text)
    .text                                    0x00100430   Section        0  board_lowlevel.o(.text)
    .text                                    0x001005a4   Section        0  board_memories.o(.text)
    BOARD_GetRemap                           0x001005a4   ARM Code      60  board_memories.o(.text)
    .text                                    0x00100628   Section        0  main.o(.text)
    .text                                    0x001006bc   Section        0  exit.o(.text)
    .text                                    0x001006c8   Section        4  use_no_semi.o(.text)
    .text                                    0x001006cc   Section        0  indicate_semi.o(.text)
    .text                                    0x001006cc   Section       12  rt_fp_status_addr_intlibspace.o(.text)
    .text                                    0x001006e0   Section        0  sys_exit.o(.text)
    x$fpl$fpinit                             0x001006f0   Section       24  fpinit.o(x$fpl$fpinit)
    .constdata                               0x00100708   Section       72  main.o(.constdata)
    VECTOR                                   0x00200000   Section      112  board_cstartup_keil.o(VECTOR)
    .bss                                     0x00200070   Section       96  libspace.o(.bss)

    Global Symbols

    Symbol Name                              Value     Ov Type        Size  Object(Section)

    BuildAttributes$$THM_ISAv1$ARM_ISAv4$S$PE$A:L22$X:L11$S22$IEEE1$IW$USESV6$~STKCKD$USESV7$~SHL$OSPACE$ROPI$EBA8$UX$STANDARDLIB$REQ8$PRES8$EABIv2 0x00000000   Number         0  anon$$obj.o ABSOLUTE
    __ARM_use_no_argv                        0x00000000   Number         0  main.o ABSOLUTE
    Image$$ZI$$Limit                          - Undefined Weak Reference
    __ARM_exceptions_init                     - Undefined Weak Reference
    __alloca_initialize                       - Undefined Weak Reference
    __cpp_initialize__aeabi_                  - Undefined Weak Reference
    __cxa_finalize                            - Undefined Weak Reference
    __rt_locale                               - Undefined Weak Reference
    __sigvec_lookup                           - Undefined Weak Reference
    _atexit_init                              - Undefined Weak Reference
    _call_atexit_fns                          - Undefined Weak Reference
    _clock_init                               - Undefined Weak Reference
    _fp_trap_init                             - Undefined Weak Reference
    _fp_trap_shutdown                         - Undefined Weak Reference
    _get_lc_collate                           - Undefined Weak Reference
    _get_lc_ctype                             - Undefined Weak Reference
    _get_lc_monetary                          - Undefined Weak Reference
    _get_lc_numeric                           - Undefined Weak Reference
    _get_lc_time                              - Undefined Weak Reference
    _getenv_init                              - Undefined Weak Reference
    _handle_redirection                       - Undefined Weak Reference
    _init_alloc                               - Undefined Weak Reference
    _init_user_alloc                          - Undefined Weak Reference
    _initio                                   - Undefined Weak Reference
    _rand_init                                - Undefined Weak Reference
    _signal_finish                            - Undefined Weak Reference
    _signal_init                              - Undefined Weak Reference
    _terminate_alloc                          - Undefined Weak Reference
    _terminate_user_alloc                     - Undefined Weak Reference
    _terminateio                              - Undefined Weak Reference
    resetHandler                             0x00100000   ARM Code       0  board_cstartup_keil.o(cstartup)
    __main                                   0x00100094   ARM Code       8  __main.o(!!!main)
    __scatterload                            0x0010009c   ARM Code       0  __scatter.o(!!!scatter)
    __scatterload_rt2                        0x0010009c   ARM Code      52  __scatter.o(!!!scatter)
    __scatterload_null                       0x001000b0   ARM Code       0  __scatter.o(!!!scatter)
    __scatterload_copy                       0x001000d8   ARM Code      40  __scatter_copy.o(!!handler_copy)
    __scatterload_zeroinit                   0x00100100   ARM Code      44  __scatter_zi.o(!!handler_zi)
    Inline ARM to Thumb Veneer to __rt_lib_init 0x0010012c   ARM Code       8  libinit.o(.ARM.Collect$$libinit$$00000000)
    __rt_lib_init                            0x00100135   Thumb Code     0  libinit.o(.ARM.Collect$$libinit$$00000000)
    __rt_lib_init_alloca_1                   0x0010013b   Thumb Code     0  libinit2.o(.ARM.Collect$$libinit$$0000002A)
    __rt_lib_init_argv_1                     0x0010013b   Thumb Code     0  libinit2.o(.ARM.Collect$$libinit$$00000028)
    __rt_lib_init_atexit_1                   0x0010013b   Thumb Code     0  libinit2.o(.ARM.Collect$$libinit$$00000017)
    __rt_lib_init_clock_1                    0x0010013b   Thumb Code     0  libinit2.o(.ARM.Collect$$libinit$$0000001D)
    __rt_lib_init_cpp_1                      0x0010013b   Thumb Code     0  libinit2.o(.ARM.Collect$$libinit$$0000002E)
    __rt_lib_init_exceptions_1               0x0010013b   Thumb Code     0  libinit2.o(.ARM.Collect$$libinit$$0000002C)
    __rt_lib_init_fp_trap_1                  0x0010013b   Thumb Code     0  libinit2.o(.ARM.Collect$$libinit$$0000001B)
    __rt_lib_init_getenv_1                   0x0010013b   Thumb Code     0  libinit2.o(.ARM.Collect$$libinit$$0000001F)
    __rt_lib_init_heap_1                     0x0010013b   Thumb Code     0  libinit2.o(.ARM.Collect$$libinit$$00000006)
    __rt_lib_init_lc_collate_1               0x0010013b   Thumb Code     0  libinit2.o(.ARM.Collect$$libinit$$0000000D)
    __rt_lib_init_lc_ctype_1                 0x0010013b   Thumb Code     0  libinit2.o(.ARM.Collect$$libinit$$0000000F)
    __rt_lib_init_lc_monetary_1              0x0010013b   Thumb Code     0  libinit2.o(.ARM.Collect$$libinit$$00000011)
    __rt_lib_init_lc_numeric_1               0x0010013b   Thumb Code     0  libinit2.o(.ARM.Collect$$libinit$$00000013)
    __rt_lib_init_lc_time_1                  0x0010013b   Thumb Code     0  libinit2.o(.ARM.Collect$$libinit$$00000015)
    __rt_lib_init_rand_1                     0x0010013b   Thumb Code     0  libinit2.o(.ARM.Collect$$libinit$$0000000A)
    __rt_lib_init_return                     0x0010013b   Thumb Code     0  libinit2.o(.ARM.Collect$$libinit$$0000002F)
    __rt_lib_init_signal_1                   0x0010013b   Thumb Code     0  libinit2.o(.ARM.Collect$$libinit$$00000019)
    __rt_lib_init_stdio_1                    0x0010013b   Thumb Code     0  libinit2.o(.ARM.Collect$$libinit$$00000021)
    __rt_lib_init_user_alloc_1               0x0010013b   Thumb Code     0  libinit2.o(.ARM.Collect$$libinit$$00000008)
    Inline ARM to Thumb Veneer to __rt_lib_shutdown 0x00100148   ARM Code       8  libshutdown.o(.ARM.Collect$$libshutdown$$00000000)
    __rt_lib_shutdown                        0x00100151   Thumb Code     0  libshutdown.o(.ARM.Collect$$libshutdown$$00000000)
    __rt_lib_shutdown_fp_trap_1              0x00100155   Thumb Code     0  libshutdown2.o(.ARM.Collect$$libshutdown$$00000006)
    __rt_lib_shutdown_heap_1                 0x00100155   Thumb Code     0  libshutdown2.o(.ARM.Collect$$libshutdown$$0000000E)
    __rt_lib_shutdown_return                 0x00100155   Thumb Code     0  libshutdown2.o(.ARM.Collect$$libshutdown$$0000000F)
    __rt_lib_shutdown_signal_1               0x00100155   Thumb Code     0  libshutdown2.o(.ARM.Collect$$libshutdown$$00000009)
    __rt_lib_shutdown_stdio_1                0x00100155   Thumb Code     0  libshutdown2.o(.ARM.Collect$$libshutdown$$00000003)
    __rt_lib_shutdown_user_alloc_1           0x00100155   Thumb Code     0  libshutdown2.o(.ARM.Collect$$libshutdown$$0000000B)
    __rt_entry                               0x0010015c   ARM Code       0  rtentry.o(.ARM.Collect$$rtentry$$00000000)
    __rt_entry_presh_1                       0x0010015c   ARM Code       0  rtentry2.o(.ARM.Collect$$rtentry$$00000002)
    __rt_entry_sh                            0x0010015c   ARM Code       0  rtentry7.o(.ARM.Collect$$rtentry$$00000007)
    __rt_entry_li                            0x00100160   ARM Code       0  rtentry2.o(.ARM.Collect$$rtentry$$0000000A)
    __rt_entry_postsh_1                      0x00100160   ARM Code       0  rtentry2.o(.ARM.Collect$$rtentry$$00000009)
    __rt_entry_main                          0x00100164   ARM Code       0  rtentry2.o(.ARM.Collect$$rtentry$$0000000D)
    __rt_entry_postli_1                      0x00100164   ARM Code       0  rtentry2.o(.ARM.Collect$$rtentry$$0000000C)
    Inline Thumb to ARM Veneer to __rt_exit  0x00100191   Thumb Code     4  rtexit.o(.ARM.Collect$$rtexit$$00000000)
    __rt_exit                                0x00100194   ARM Code       0  rtexit.o(.ARM.Collect$$rtexit$$00000000)
    __rt_exit_ls                             0x00100198   ARM Code       0  rtexit2.o(.ARM.Collect$$rtexit$$00000003)
    __rt_exit_prels_1                        0x00100198   ARM Code       0  rtexit2.o(.ARM.Collect$$rtexit$$00000002)
    __rt_exit_exit                           0x0010019c   ARM Code       0  rtexit2.o(.ARM.Collect$$rtexit$$00000004)
    PIO_Configure                            0x00100274   ARM Code     288  pio.o(.text)
    PIO_Set                                  0x00100394   ARM Code      12  pio.o(.text)
    PIO_Clear                                0x001003a0   ARM Code      12  pio.o(.text)
    PIO_Get                                  0x001003ac   ARM Code      76  pio.o(.text)
    PIO_GetOutputDataStatus                  0x001003f8   ARM Code      40  pio.o(.text)
    PIO_GetISR                               0x00100420   ARM Code      16  pio.o(.text)
    defaultSpuriousHandler                   0x00100430   ARM Code       8  board_lowlevel.o(.text)
    defaultFiqHandler                        0x00100438   ARM Code       8  board_lowlevel.o(.text)
    defaultIrqHandler                        0x00100440   ARM Code       8  board_lowlevel.o(.text)
    LowLevelInit                             0x00100448   ARM Code     336  board_lowlevel.o(.text)
    BOARD_RemapFlash                         0x001005e0   ARM Code      36  board_memories.o(.text)
    BOARD_RemapRam                           0x00100604   ARM Code      36  board_memories.o(.text)
    delay_ms                                 0x00100628   ARM Code      56  main.o(.text)
    main                                     0x00100660   ARM Code      76  main.o(.text)
    exit                                     0x001006bd   Thumb Code    12  exit.o(.text)
    __I$use$semihosting                      0x001006c8   ARM Code       0  use_no_semi.o(.text)
    __use_no_semihosting_swi                 0x001006c8   ARM Code       4  use_no_semi.o(.text)
    __rt_fp_status_addr                      0x001006cc   ARM Code      12  rt_fp_status_addr_intlibspace.o(.text)
    __semihosting_library_function           0x001006cc   ARM Code       0  indicate_semi.o(.text)
    Inline ARM to Thumb Veneer to _sys_exit  0x001006d8   ARM Code       8  sys_exit.o(.text)
    _sys_exit                                0x001006e1   Thumb Code     8  sys_exit.o(.text)
    Inline Thumb to ARM Veneer to _fp_init   0x001006ed   Thumb Code     4  fpinit.o(x$fpl$fpinit)
    _fp_init                                 0x001006f0   ARM Code      24  fpinit.o(x$fpl$fpinit)
    __fplib_config_pureend_doubles           0x00100700   ARM Code       0  fpinit.o(x$fpl$fpinit)
    pinPB1                                   0x00100708   Data          12  main.o(.constdata)
    pinPB2                                   0x00100714   Data          12  main.o(.constdata)
    pinLED                                   0x00100720   Data          48  main.o(.constdata)
    Region$$Table$$Base                      0x00100750   Number         0  anon$$obj.o(Region$$Table)
    Image$$Fixed_region$$Limit               0x00100770   Number         0  anon$$obj.o(Region$$Table)
    Region$$Table$$Limit                     0x00100770   Number         0  anon$$obj.o(Region$$Table)
    Image$$Relocate_region$$Base             0x00200000   Number         0  board_cstartup_keil.o(VECTOR)
    Image$$Relocate_region$$ZI$$Base         0x00200070   Number         0  libspace.o(.bss)
    __libspace_start                         0x00200070   Data          96  libspace.o(.bss)
    Image$$Relocate_region$$ZI$$Limit        0x002000d0   Number         0  libspace.o(.bss)
    __temporary_stack_top$libspace           0x002000d0   Data           0  libspace.o(.bss)
    Image$$ARM_LIB_HEAP$$ZI$$Base            0x0020e000   Number         0  anon$$obj.o(ARM_LIB_HEAP.bss)
    Image$$ARM_LIB_HEAP$$ZI$$Limit           0x0020f000   Number         0  anon$$obj.o(ARM_LIB_HEAP.bss)
    Image$$ARM_LIB_STACK$$Base               0x0020f000   Number         0  anon$$obj.o(linker$$defined$$symbols)
    Image$$ARM_LIB_STACK$$ZI$$Limit          0x00210000   Number         0  anon$$obj.o(ARM_LIB_STACK.bss)



==============================================================================

Memory Map of the image

  Image Entry point : 0x00100000

  Load Region Load_region (Base: 0x00100000, Size: 0x000007e0, Max: 0x00040000, ABSOLUTE)

    Execution Region Fixed_region (Base: 0x00100000, Size: 0x00000770, Max: 0x00040000, ABSOLUTE)

    Base Addr    Size         Type   Attr      Idx    E Section Name        Object

    0x00100000   0x00000094   Code   RO           82  * cstartup            board_cstartup_keil.o
    0x00100094   0x00000008   Code   RO          108  * !!!main             c_t.l(__main.o)
    0x0010009c   0x0000003c   Code   RO          278    !!!scatter          c_t.l(__scatter.o)
    0x001000d8   0x00000028   Code   RO          280    !!handler_copy      c_t.l(__scatter_copy.o)
    0x00100100   0x0000002c   Code   RO          282    !!handler_zi        c_t.l(__scatter_zi.o)
    0x0010012c   0x00000008   Ven    RO          139    .ARM.Collect$$libinit$$00000000  c_t.l(libinit.o)
    0x00100134   0x00000006   Code   RO          139    .ARM.Collect$$libinit$$00000000  c_t.l(libinit.o)
    0x0010013a   0x00000000   Code   RO          149    .ARM.Collect$$libinit$$00000006  c_t.l(libinit2.o)
    0x0010013a   0x00000000   Code   RO          151    .ARM.Collect$$libinit$$00000008  c_t.l(libinit2.o)
    0x0010013a   0x00000000   Code   RO          153    .ARM.Collect$$libinit$$0000000A  c_t.l(libinit2.o)
    0x0010013a   0x00000000   Code   RO          156    .ARM.Collect$$libinit$$0000000D  c_t.l(libinit2.o)
    0x0010013a   0x00000000   Code   RO          158    .ARM.Collect$$libinit$$0000000F  c_t.l(libinit2.o)
    0x0010013a   0x00000000   Code   RO          160    .ARM.Collect$$libinit$$00000011  c_t.l(libinit2.o)
    0x0010013a   0x00000000   Code   RO          162    .ARM.Collect$$libinit$$00000013  c_t.l(libinit2.o)
    0x0010013a   0x00000000   Code   RO          164    .ARM.Collect$$libinit$$00000015  c_t.l(libinit2.o)
    0x0010013a   0x00000000   Code   RO          166    .ARM.Collect$$libinit$$00000017  c_t.l(libinit2.o)
    0x0010013a   0x00000000   Code   RO          168    .ARM.Collect$$libinit$$00000019  c_t.l(libinit2.o)
    0x0010013a   0x00000000   Code   RO          170    .ARM.Collect$$libinit$$0000001B  c_t.l(libinit2.o)
    0x0010013a   0x00000000   Code   RO          172    .ARM.Collect$$libinit$$0000001D  c_t.l(libinit2.o)
    0x0010013a   0x00000000   Code   RO          174    .ARM.Collect$$libinit$$0000001F  c_t.l(libinit2.o)
    0x0010013a   0x00000000   Code   RO          176    .ARM.Collect$$libinit$$00000021  c_t.l(libinit2.o)
    0x0010013a   0x00000000   Code   RO          180    .ARM.Collect$$libinit$$00000028  c_t.l(libinit2.o)
    0x0010013a   0x00000000   Code   RO          182    .ARM.Collect$$libinit$$0000002A  c_t.l(libinit2.o)
    0x0010013a   0x00000000   Code   RO          184    .ARM.Collect$$libinit$$0000002C  c_t.l(libinit2.o)
    0x0010013a   0x00000000   Code   RO          186    .ARM.Collect$$libinit$$0000002E  c_t.l(libinit2.o)
    0x0010013a   0x0000000c   Code   RO          187    .ARM.Collect$$libinit$$0000002F  c_t.l(libinit2.o)
    0x00100146   0x00000002   PAD
    0x00100148   0x00000008   Ven    RO          219    .ARM.Collect$$libshutdown$$00000000  c_t.l(libshutdown.o)
    0x00100150   0x00000004   Code   RO          219    .ARM.Collect$$libshutdown$$00000000  c_t.l(libshutdown.o)
    0x00100154   0x00000000   Code   RO          230    .ARM.Collect$$libshutdown$$00000003  c_t.l(libshutdown2.o)
    0x00100154   0x00000000   Code   RO          233    .ARM.Collect$$libshutdown$$00000006  c_t.l(libshutdown2.o)
    0x00100154   0x00000000   Code   RO          236    .ARM.Collect$$libshutdown$$00000009  c_t.l(libshutdown2.o)
    0x00100154   0x00000000   Code   RO          238    .ARM.Collect$$libshutdown$$0000000B  c_t.l(libshutdown2.o)
    0x00100154   0x00000000   Code   RO          241    .ARM.Collect$$libshutdown$$0000000E  c_t.l(libshutdown2.o)
    0x00100154   0x00000006   Code   RO          242    .ARM.Collect$$libshutdown$$0000000F  c_t.l(libshutdown2.o)
    0x0010015a   0x00000002   PAD
    0x0010015c   0x00000000   Code   RO          110    .ARM.Collect$$rtentry$$00000000  c_t.l(rtentry.o)
    0x0010015c   0x00000000   Code   RO          112    .ARM.Collect$$rtentry$$00000002  c_t.l(rtentry2.o)
    0x0010015c   0x00000004   Code   RO          126    .ARM.Collect$$rtentry$$00000007  c_t.l(rtentry7.o)
    0x00100160   0x00000000   Code   RO          114    .ARM.Collect$$rtentry$$00000009  c_t.l(rtentry2.o)
    0x00100160   0x00000004   Code   RO          115    .ARM.Collect$$rtentry$$0000000A  c_t.l(rtentry2.o)
    0x00100164   0x00000000   Code   RO          117    .ARM.Collect$$rtentry$$0000000C  c_t.l(rtentry2.o)
    0x00100164   0x00000028   Code   RO          118    .ARM.Collect$$rtentry$$0000000D  c_t.l(rtentry2.o)
    0x0010018c   0x00000004   Code   RO          127    .ARM.Collect$$rtentry$$00002718  c_t.l(rtentry7.o)
    0x00100190   0x00000004   Ven    RO          145    .ARM.Collect$$rtexit$$00000000  c_t.l(rtexit.o)
    0x00100194   0x00000004   Code   RO          145    .ARM.Collect$$rtexit$$00000000  c_t.l(rtexit.o)
    0x00100198   0x00000000   Code   RO          198    .ARM.Collect$$rtexit$$00000002  c_t.l(rtexit2.o)
    0x00100198   0x00000004   Code   RO          199    .ARM.Collect$$rtexit$$00000003  c_t.l(rtexit2.o)
    0x0010019c   0x00000008   Code   RO          200    .ARM.Collect$$rtexit$$00000004  c_t.l(rtexit2.o)
    0x001001a4   0x0000028c   Code   RO           17    .text               pio.o
    0x00100430   0x00000174   Code   RO           51    .text               board_lowlevel.o
    0x001005a4   0x00000084   Code   RO           69    .text               board_memories.o
    0x00100628   0x00000094   Code   RO           87    .text               main.o
    0x001006bc   0x0000000c   Code   RO          132    .text               c_t.l(exit.o)
    0x001006c8   0x00000004   Code   RO          194    .text               c_t.l(use_no_semi.o)
    0x001006cc   0x00000000   Code   RO          196    .text               c_t.l(indicate_semi.o)
    0x001006cc   0x0000000c   Code   RO          207    .text               c_t.l(rt_fp_status_addr_intlibspace.o)
    0x001006d8   0x00000008   Ven    RO          211    .text               c_t.l(sys_exit.o)
    0x001006e0   0x0000000c   Code   RO          211    .text               c_t.l(sys_exit.o)
    0x001006ec   0x00000004   Ven    RO          192    x$fpl$fpinit        fz_ts.l(fpinit.o)
    0x001006f0   0x00000018   Code   RO          192    x$fpl$fpinit        fz_ts.l(fpinit.o)
    0x00100708   0x00000048   Data   RO           88    .constdata          main.o
    0x00100750   0x00000020   Data   RO          275    Region$$Table       anon$$obj.o


    Execution Region Relocate_region (Base: 0x00200000, Size: 0x000000d0, Max: 0xffffffff, ABSOLUTE)

    Base Addr    Size         Type   Attr      Idx    E Section Name        Object

    0x00200000   0x00000070   Code   RO           81    VECTOR              board_cstartup_keil.o
    0x00200070   0x00000060   Zero   RW          141    .bss                c_t.l(libspace.o)


    Execution Region ARM_LIB_HEAP (Base: 0x0020e000, Size: 0x00001000, Max: 0x00001000, ABSOLUTE, UNINIT)

    Base Addr    Size         Type   Attr      Idx    E Section Name        Object

    0x0020e000   0x00001000   Zero   RW            1    ARM_LIB_HEAP.bss    anon$$obj.o


    Execution Region ARM_LIB_STACK (Base: 0x0020f000, Size: 0x00001000, Max: 0x00001000, ABSOLUTE, UNINIT)

    Base Addr    Size         Type   Attr      Idx    E Section Name        Object

    0x0020f000   0x00000000   Data   RW          277    linker$$defined$$symbols  anon$$obj.o
    0x0020f000   0x00001000   Zero   RW            2    ARM_LIB_STACK.bss   anon$$obj.o


==============================================================================

Image component sizes


      Code (inc. data)   RO Data    RW Data    ZI Data      Debug   Object Name

       260         40          0          0          0        684   board_cstartup_keil.o
       372         12          0          0          0       1070   board_lowlevel.o
       132          0          0          0          0        946   board_memories.o
         0          0          0          0          0      73572   cp15.o
         0          0          0          0          0         32   cp15_asm_keil.o
       148         16         72          0          0       2158   main.o
       652          0          0          0          0       3909   pio.o

    ----------------------------------------------------------------------
      1564         68        104          0       8192      82371   Object Totals
         0          0         32          0       8192          0   (incl. Generated)
         0          0          0          0          0          0   (incl. Padding)

    ----------------------------------------------------------------------

      Code (inc. data)   RO Data    RW Data    ZI Data      Debug   Library Member Name

         8          0          0          0          0         68   __main.o
        60          8          0          0          0          0   __scatter.o
        40          0          0          0          0          0   __scatter_copy.o
        44          0          0          0          0          0   __scatter_zi.o
        12          0          0          0          0         64   exit.o
         0          0          0          0          0          0   indicate_semi.o
        14          0          0          0          0          0   libinit.o
        12          0          0          0          0          0   libinit2.o
        12          0          0          0          0          0   libshutdown.o
         6          0          0          0          0          0   libshutdown2.o
         0          0          0          0         96          0   libspace.o
        12          4          0          0          0         68   rt_fp_status_addr_intlibspace.o
         0          0          0          0          0          0   rtentry.o
        44          4          0          0          0          0   rtentry2.o
         8          4          0          0          0          0   rtentry7.o
         8          0          0          0          0          0   rtexit.o
        12          0          0          0          0          0   rtexit2.o
        20          4          0          0          0         60   sys_exit.o
         4          0          0          0          0         68   use_no_semi.o
        28          0          0          0          0         80   fpinit.o

    ----------------------------------------------------------------------
       348         24          0          0         96        408   Library Totals
         4          0          0          0          0          0   (incl. Padding)

    ----------------------------------------------------------------------

      Code (inc. data)   RO Data    RW Data    ZI Data      Debug   Library Name

       316         24          0          0         96        328   c_t.l
        28          0          0          0          0         80   fz_ts.l

    ----------------------------------------------------------------------
       348         24          0          0         96        408   Library Totals

    ----------------------------------------------------------------------

==============================================================================


      Code (inc. data)   RO Data    RW Data    ZI Data      Debug   

      1912         92        104          0       8288      82423   Grand Totals
      1912         92        104          0       8288      82423   ELF Image Totals
      1912         92        104          0          0          0   ROM Totals

==============================================================================

    Total RO  Size (Code + RO Data)                 2016 (   1.97kB)
    Total RW  Size (RW Data + ZI Data)              8288 (   8.09kB)
    Total ROM Size (Code + RO Data + RW Data)       2016 (   1.97kB)

==============================================================================

